// Jest Snapshot v1, https://goo.gl/fbAQLP

exports[`InboxMessages Component should match the snapshot 1`] = `
<div
  className="inbox-messages"
>
  <h2
    className="section-title"
  >
    Inbox Messages
  </h2>
  <StatusLabel
    message="Oops"
    tip="You currently have no Inbox Message"
    variant="warning"
  />
</div>
`;
