// Jest Snapshot v1, https://goo.gl/fbAQLP

exports[`SideMenu Component should match the snapshot 1`] = `
<Nav
  className="flex-column"
  defaultActiveKey="/home"
  fill={false}
  justify={false}
>
  <NavLink
    as={[Function]}
    disabled={false}
    href="/dashboard/inbox"
  >
    Inbox Messages
  </NavLink>
  <NavLink
    as={[Function]}
    disabled={false}
    href="/dashboard/sent"
  >
    Sent Messages
  </NavLink>
</Nav>
`;
